 
cpldfit:  version P.20131013                        Xilinx Inc.
                                  Fitter Report
Design Name: top                                 Date:  4-30-2020,  3:58PM
Device Used: XC2C256-6-TQ144
Fitting Status: Successful

*************************  Mapped Resource Summary  **************************

Macrocells     Product Terms    Function Block   Registers      Pins           
Used/Tot       Used/Tot         Inps Used/Tot    Used/Tot       Used/Tot       
30 /256 ( 12%) 22  /896  (  2%) 20  /640  (  3%) 22 /256 (  9%) 13 /118 ( 11%)

** Function Block Resources **

Function Mcells   FB Inps  Pterms   IO       CTC      CTR      CTS      CTE     
Block    Used/Tot Used/Tot Used/Tot Used/Tot Used/Tot Used/Tot Used/Tot Used/Tot
FB1      16/16*    15/40    15/56     0/ 6    0/1      0/1      0/1      0/1
FB2       3/16      2/40     2/56     1/ 8    1/1*     0/1      0/1      0/1
FB3       0/16      0/40     0/56     0/ 6    0/1      0/1      0/1      0/1
FB4       0/16      0/40     0/56     0/ 8    0/1      0/1      0/1      0/1
FB5       0/16      0/40     0/56     0/ 5    0/1      0/1      0/1      0/1
FB6       0/16      0/40     0/56     0/ 7    0/1      0/1      0/1      0/1
FB7       0/16      0/40     0/56     0/ 8    0/1      0/1      0/1      0/1
FB8       0/16      0/40     0/56     0/ 8    0/1      0/1      0/1      0/1
FB9       0/16      0/40     0/56     0/ 8    0/1      0/1      0/1      0/1
FB10      0/16      0/40     0/56     0/ 9    0/1      0/1      0/1      0/1
FB11      4/16      3/40     5/56     4/ 8    1/1*     0/1      0/1      0/1
FB12      0/16      0/40     0/56     0/ 6    0/1      0/1      0/1      0/1
FB13      0/16      0/40     0/56     0/ 8    0/1      0/1      0/1      0/1
FB14      1/16      0/40     0/56     1/ 8    0/1      0/1      0/1      0/1
FB15      0/16      0/40     0/56     0/ 7    0/1      0/1      0/1      0/1
FB16      6/16      0/40     0/56     6/ 7    0/1      0/1      0/1      0/1
         -----    -------  -------   -----    ---      ---      ---      ---
Total    30/256    20/640   22/896   12/117   2/16     0/16     0/16     0/16

CTC - Control Term Clock
CTR - Control Term Reset
CTS - Control Term Set
CTE - Control Term Output Enable

* - Resource is exhausted

** Global Control Resources **

GCK         GSR         GTS         DGE         
Used/Tot    Used/Tot    Used/Tot    Used/Tot    
1/3         0/1         0/4         0/1

Signal 'clk_i' mapped onto global clock net GCK2 and divided by 2 without
phase delay.  CDRST control pin has been reserved.

** Pin Resources **

Signal Type    Required     Mapped  |  Pin Type            Used    Total 
------------------------------------|------------------------------------
Input         :    0           0    |  I/O              :    11    108
Output        :   12          12    |  GCK/IO           :     1      3
Bidirectional :    0           0    |  GTS/IO           :     1      4
GCK           :    1           1    |  GSR/IO           :     0      1
GTS           :    0           0    |  CDR/IO           :     0      1
GSR           :    0           0    |  DGE/IO           :     0      1
                 ----        ----
        Total     13          13

End of Mapped Resource Summary
**************************  Errors and Warnings  ***************************

WARNING:Cpld - Unable to retrieve the path to the iSE Project Repository. Will
   use the default filename of 'top.ise'.
WARNING:Cpld:1007 - Removing unused input(s) 'pulse_pin_i'.  The input(s) are
   unused after optimization. Please verify functionality via simulation.
*************************  Summary of Mapped Logic  ************************

** 12 Outputs **

Signal                     Total Total Bank Loc     Pin   Pin       Pin     I/O      I/O       Slew Reg     Reg Init
Name                       Pts   Inps               No.   Type      Use     STD      Style     Rate Use     State
trig_pin_o                 0     0     2    FB2_12  6     GTS/I/O   O       LVCMOS33           FAST         
topselDisp3_o              2     3     2    FB11_13 126   I/O       O       LVCMOS33           FAST DFF     RESET
topselDisp2_o              2     3     2    FB11_14 128   I/O       O       LVCMOS33           FAST DFF     RESET
topselDisp1_o              2     3     2    FB11_15 129   I/O       O       LVCMOS33           FAST DFF     RESET
topselDisp0_o              2     3     2    FB11_16 130   I/O       O       LVCMOS33           FAST DFF     RESET
topsegG_o                  0     0     1    FB14_16 61    I/O       O       LVCMOS33           FAST         
topsegC_o                  0     0     1    FB16_5  60    I/O       O       LVCMOS33           FAST         
topsegD_o                  0     0     1    FB16_11 58    I/O       O       LVCMOS33           FAST         
topsegE_o                  0     0     1    FB16_12 57    I/O       O       LVCMOS33           FAST         
topsegA_o                  0     0     1    FB16_13 56    I/O       O       LVCMOS33           FAST         
topsegF_o                  0     0     1    FB16_15 54    I/O       O       LVCMOS33           FAST         
topsegB_o                  0     0     1    FB16_16 53    I/O       O       LVCMOS33           FAST         

** 18 Buried Nodes **

Signal                     Total Total Loc     Reg     Reg Init
Name                       Pts   Inps          Use     State
uut2/uut1/count<6>         1     6     FB1_1   TDFF    RESET
uut2/uut1/count<7>         1     7     FB1_2   TDFF    RESET
uut2/uut1/count<0>         0     0     FB1_3   TDFF    RESET
uut2/uut1/count<1>         1     1     FB1_4   TDFF    RESET
uut2/uut1/count<8>         1     8     FB1_5   TDFF    RESET
uut2/uut1/count<2>         1     2     FB1_6   TDFF    RESET
uut2/uut1/count<9>         1     9     FB1_7   TDFF    RESET
uut2/uut1/count<10>        1     10    FB1_8   TDFF    RESET
uut2/uut1/count<11>        1     11    FB1_9   TDFF    RESET
uut2/uut1/count<12>        1     12    FB1_10  TDFF    RESET
uut2/uut1/count<13>        1     13    FB1_11  TDFF    RESET
uut2/uut1/count<3>         1     3     FB1_12  TDFF    RESET
uut2/uut1/count<4>         1     4     FB1_13  TDFF    RESET
uut2/uut1/count<5>         1     5     FB1_14  TDFF    RESET
uut2/uut1/count<14>        1     14    FB1_15  TDFF    RESET
uut2/s_clock_word<15>      1     15    FB1_16  TDFF    RESET
uut2/display_selection<1>  2     2     FB2_11  TFF     RESET
uut2/display_selection<0>  1     1     FB2_16  TFF     RESET

** 1 Inputs **

Signal                     Bank Loc     Pin   Pin       Pin     I/O      I/O
Name                                    No.   Type      Use     STD      Style
clk_i                      1    FB6_4   38    GCK/I/O   GCK     LVCMOS33 KPR

Legend:
Pin No.   - ~     - User Assigned
I/O Style - OD    - OpenDrain
          - PU    - Pullup
          - KPR   - Keeper
          - S     - SchmittTrigger
          - DG    - DataGate
Reg Use   - LATCH - Transparent latch
          - DFF   - D-flip-flop
          - DEFF  - D-flip-flop with clock enable
          - TFF   - T-flip-flop
          - TDFF  - Dual-edge-triggered T-flip-flop
          - DDFF  - Dual-edge-triggered flip-flop
          - DDEFF - Dual-edge-triggered flip-flop with clock enable
          /S (after any above flop/latch type) indicates initial state is Set
**************************  Function Block Details  ************************
Legend:
Total Pt     - Total product terms used by the macrocell signal
Loc          - Location where logic was mapped in device
Pin Type/Use - I  - Input             GCK - Global clock
               O  - Output            GTS - Global Output Enable
              (b) - Buried macrocell  GSR - Global Set/Reset
              VRF - Vref
Pin No.      - ~  - User Assigned
*********************************** FB1  ***********************************
This function block is part of I/O Bank number:               2
Number of function block inputs used/remaining:               15/25
Number of function block control terms used/remaining:        0/4
Number of PLA product terms used/remaining:                   15/41
Signal                        Total Loc     Pin  Pin     Pin   CTC CTR CTS CTE
Name                          Pt            No.  Type    Use   
uut2/uut1/count<6>            1     FB1_1        (b)     (b)               
uut2/uut1/count<7>            1     FB1_2        (b)     (b)               
uut2/uut1/count<0>            0     FB1_3   143  GSR/I/O (b)               
uut2/uut1/count<1>            1     FB1_4   142  I/O     (b)               
uut2/uut1/count<8>            1     FB1_5        (b)     (b)               
uut2/uut1/count<2>            1     FB1_6   140  I/O     (b)               
uut2/uut1/count<9>            1     FB1_7        (b)     (b)               
uut2/uut1/count<10>           1     FB1_8        (b)     (b)               
uut2/uut1/count<11>           1     FB1_9        (b)     (b)               
uut2/uut1/count<12>           1     FB1_10       (b)     (b)               
uut2/uut1/count<13>           1     FB1_11       (b)     (b)               
uut2/uut1/count<3>            1     FB1_12  139  I/O     (b)               
uut2/uut1/count<4>            1     FB1_13  138  I/O     (b)               
uut2/uut1/count<5>            1     FB1_14  137  I/O     (b)               
uut2/uut1/count<14>           1     FB1_15       (b)     (b)               
uut2/s_clock_word<15>         1     FB1_16       (b)     (b)               

Signals Used by Logic in Function Block
  1: uut2/uut1/count<0>    6: uut2/uut1/count<14>  11: uut2/uut1/count<5> 
  2: uut2/uut1/count<10>   7: uut2/uut1/count<1>   12: uut2/uut1/count<6> 
  3: uut2/uut1/count<11>   8: uut2/uut1/count<2>   13: uut2/uut1/count<7> 
  4: uut2/uut1/count<12>   9: uut2/uut1/count<3>   14: uut2/uut1/count<8> 
  5: uut2/uut1/count<13>  10: uut2/uut1/count<4>   15: uut2/uut1/count<9> 

Signal                     1         2         3         4 FB      
Name             0----+----0----+----0----+----0----+----0 Inputs  
uut2/uut1/count<6> 
                  X.....XXXXX............................. 6       
uut2/uut1/count<7> 
                  X.....XXXXXX............................ 7       
uut2/uut1/count<0> 
                  ........................................ 0       
uut2/uut1/count<1> 
                  X....................................... 1       
uut2/uut1/count<8> 
                  X.....XXXXXXX........................... 8       
uut2/uut1/count<2> 
                  X.....X................................. 2       
uut2/uut1/count<9> 
                  X.....XXXXXXXX.......................... 9       
uut2/uut1/count<10> 
                  X.....XXXXXXXXX......................... 10      
uut2/uut1/count<11> 
                  XX....XXXXXXXXX......................... 11      
uut2/uut1/count<12> 
                  XXX...XXXXXXXXX......................... 12      
uut2/uut1/count<13> 
                  XXXX..XXXXXXXXX......................... 13      
uut2/uut1/count<3> 
                  X.....XX................................ 3       
uut2/uut1/count<4> 
                  X.....XXX............................... 4       
uut2/uut1/count<5> 
                  X.....XXXX.............................. 5       
uut2/uut1/count<14> 
                  XXXXX.XXXXXXXXX......................... 14      
uut2/s_clock_word<15> 
                  XXXXXXXXXXXXXXX......................... 15      
                 0----+----1----+----2----+----3----+----4
                           0         0         0         0
*********************************** FB2  ***********************************
This function block is part of I/O Bank number:               2
Number of function block inputs used/remaining:               2/38
Number of function block control terms used/remaining:        1/3
Number of PLA product terms used/remaining:                   2/54
Signal                        Total Loc     Pin  Pin     Pin   CTC CTR CTS CTE
Name                          Pt            No.  Type    Use   
(unused)                      0     FB2_1   2    GTS/I/O       
(unused)                      0     FB2_2        (b)           
(unused)                      0     FB2_3   3    GTS/I/O       
(unused)                      0     FB2_4   4    I/O           
(unused)                      0     FB2_5   5    GTS/I/O       
(unused)                      0     FB2_6        (b)           
(unused)                      0     FB2_7        (b)           
(unused)                      0     FB2_8        (b)           
(unused)                      0     FB2_9        (b)           
(unused)                      0     FB2_10       (b)           
uut2/display_selection<1>     2     FB2_11       (b)     (b)    +          
trig_pin_o                    0     FB2_12  6    GTS/I/O O                 
(unused)                      0     FB2_13  7    I/O           
(unused)                      0     FB2_14  9    I/O           
(unused)                      0     FB2_15  10   I/O           
uut2/display_selection<0>     1     FB2_16       (b)     (b)    +          

Signals Used by Logic in Function Block
  1: uut2/display_selection<0>   2: uut2/s_clock_word<15> 

Signal                     1         2         3         4 FB      
Name             0----+----0----+----0----+----0----+----0 Inputs  
uut2/display_selection<1> 
                  XX...................................... 2       
trig_pin_o        ........................................ 0       
uut2/display_selection<0> 
                  .X...................................... 1       
                 0----+----1----+----2----+----3----+----4
                           0         0         0         0
*********************************** FB3  ***********************************
This function block is part of I/O Bank number:               2
Number of function block inputs used/remaining:               0/40
Number of function block control terms used/remaining:        0/4
Number of PLA product terms used/remaining:                   0/56
Signal                        Total Loc     Pin  Pin     Pin   CTC CTR CTS CTE
Name                          Pt            No.  Type    Use   
(unused)                      0     FB3_1   136  I/O           
(unused)                      0     FB3_2   135  I/O           
(unused)                      0     FB3_3   134  I/O           
(unused)                      0     FB3_4        (b)           
(unused)                      0     FB3_5   133  I/O           
(unused)                      0     FB3_6        (b)           
(unused)                      0     FB3_7        (b)           
(unused)                      0     FB3_8        (b)           
(unused)                      0     FB3_9        (b)           
(unused)                      0     FB3_10       (b)           
(unused)                      0     FB3_11       (b)           
(unused)                      0     FB3_12       (b)           
(unused)                      0     FB3_13       (b)           
(unused)                      0     FB3_14  132  I/O           
(unused)                      0     FB3_15       (b)           
(unused)                      0     FB3_16  131  I/O           
*********************************** FB4  ***********************************
This function block is part of I/O Bank number:               2
Number of function block inputs used/remaining:               0/40
Number of function block control terms used/remaining:        0/4
Number of PLA product terms used/remaining:                   0/56
Signal                        Total Loc     Pin  Pin     Pin   CTC CTR CTS CTE
Name                          Pt            No.  Type    Use   
(unused)                      0     FB4_1   11   I/O           
(unused)                      0     FB4_2   12   I/O           
(unused)                      0     FB4_3   13   I/O           
(unused)                      0     FB4_4   14   I/O           
(unused)                      0     FB4_5   15   I/O           
(unused)                      0     FB4_6   16   I/O           
(unused)                      0     FB4_7        (b)           
(unused)                      0     FB4_8        (b)           
(unused)                      0     FB4_9        (b)           
(unused)                      0     FB4_10       (b)           
(unused)                      0     FB4_11       (b)           
(unused)                      0     FB4_12  17   I/O           
(unused)                      0     FB4_13       (b)           
(unused)                      0     FB4_14  18   I/O           
(unused)                      0     FB4_15       (b)           
(unused)                      0     FB4_16       (b)           
*********************************** FB5  ***********************************
This function block is part of I/O Bank number:               1
Number of function block inputs used/remaining:               0/40
Number of function block control terms used/remaining:        0/4
Number of PLA product terms used/remaining:                   0/56
Signal                        Total Loc     Pin  Pin     Pin   CTC CTR CTS CTE
Name                          Pt            No.  Type    Use   
(unused)                      0     FB5_1        (b)           
(unused)                      0     FB5_2   33   I/O           
(unused)                      0     FB5_3        (b)           
(unused)                      0     FB5_4   32   GCK/I/O       
(unused)                      0     FB5_5   31   I/O           
(unused)                      0     FB5_6   30   GCK/I/O       
(unused)                      0     FB5_7        (b)           
(unused)                      0     FB5_8        (b)           
(unused)                      0     FB5_9        (b)           
(unused)                      0     FB5_10       (b)           
(unused)                      0     FB5_11       (b)           
(unused)                      0     FB5_12       (b)           
(unused)                      0     FB5_13       (b)           
(unused)                      0     FB5_14  28   I/O           
(unused)                      0     FB5_15       (b)           
(unused)                      0     FB5_16       (b)           
*********************************** FB6  ***********************************
This function block is part of I/O Bank number:               1
Number of function block inputs used/remaining:               0/40
Number of function block control terms used/remaining:        0/4
Number of PLA product terms used/remaining:                   0/56
Signal                        Total Loc     Pin  Pin     Pin   CTC CTR CTS CTE
Name                          Pt            No.  Type    Use   
(unused)                      0     FB6_1   34   I/O           
(unused)                      0     FB6_2        (b)           
(unused)                      0     FB6_3        (b)           
(unused)                      0     FB6_4   38   GCK/I/O GCK   
(unused)                      0     FB6_5        (b)           
(unused)                      0     FB6_6        (b)           
(unused)                      0     FB6_7        (b)           
(unused)                      0     FB6_8        (b)           
(unused)                      0     FB6_9        (b)           
(unused)                      0     FB6_10       (b)           
(unused)                      0     FB6_11       (b)           
(unused)                      0     FB6_12  39   DGE/I/O       
(unused)                      0     FB6_13  40   I/O           
(unused)                      0     FB6_14  41   I/O           
(unused)                      0     FB6_15  42   I/O           
(unused)                      0     FB6_16  43   I/O           
*********************************** FB7  ***********************************
This function block is part of I/O Bank number:               1
Number of function block inputs used/remaining:               0/40
Number of function block control terms used/remaining:        0/4
Number of PLA product terms used/remaining:                   0/56
Signal                        Total Loc     Pin  Pin     Pin   CTC CTR CTS CTE
Name                          Pt            No.  Type    Use   
(unused)                      0     FB7_1        (b)           
(unused)                      0     FB7_2        (b)           
(unused)                      0     FB7_3        (b)           
(unused)                      0     FB7_4        (b)           
(unused)                      0     FB7_5   26   I/O           
(unused)                      0     FB7_6   25   I/O           
(unused)                      0     FB7_7        (b)           
(unused)                      0     FB7_8        (b)           
(unused)                      0     FB7_9        (b)           
(unused)                      0     FB7_10       (b)           
(unused)                      0     FB7_11  24   I/O           
(unused)                      0     FB7_12  23   I/O           
(unused)                      0     FB7_13  22   I/O           
(unused)                      0     FB7_14  21   I/O           
(unused)                      0     FB7_15  20   I/O           
(unused)                      0     FB7_16  19   I/O           
*********************************** FB8  ***********************************
This function block is part of I/O Bank number:               1
Number of function block inputs used/remaining:               0/40
Number of function block control terms used/remaining:        0/4
Number of PLA product terms used/remaining:                   0/56
Signal                        Total Loc     Pin  Pin     Pin   CTC CTR CTS CTE
Name                          Pt            No.  Type    Use   
(unused)                      0     FB8_1   44   I/O           
(unused)                      0     FB8_2   45   I/O           
(unused)                      0     FB8_3   46   I/O           
(unused)                      0     FB8_4        (b)           
(unused)                      0     FB8_5   48   I/O           
(unused)                      0     FB8_6   49   I/O           
(unused)                      0     FB8_7        (b)           
(unused)                      0     FB8_8        (b)           
(unused)                      0     FB8_9        (b)           
(unused)                      0     FB8_10       (b)           
(unused)                      0     FB8_11  50   I/O           
(unused)                      0     FB8_12  51   I/O           
(unused)                      0     FB8_13  52   I/O           
(unused)                      0     FB8_14       (b)           
(unused)                      0     FB8_15       (b)           
(unused)                      0     FB8_16       (b)           
*********************************** FB9  ***********************************
This function block is part of I/O Bank number:               2
Number of function block inputs used/remaining:               0/40
Number of function block control terms used/remaining:        0/4
Number of PLA product terms used/remaining:                   0/56
Signal                        Total Loc     Pin  Pin     Pin   CTC CTR CTS CTE
Name                          Pt            No.  Type    Use   
(unused)                      0     FB9_1   112  I/O           
(unused)                      0     FB9_2   113  I/O           
(unused)                      0     FB9_3        (b)           
(unused)                      0     FB9_4   114  I/O           
(unused)                      0     FB9_5        (b)           
(unused)                      0     FB9_6   115  I/O           
(unused)                      0     FB9_7        (b)           
(unused)                      0     FB9_8        (b)           
(unused)                      0     FB9_9        (b)           
(unused)                      0     FB9_10       (b)           
(unused)                      0     FB9_11       (b)           
(unused)                      0     FB9_12  116  I/O           
(unused)                      0     FB9_13  117  I/O           
(unused)                      0     FB9_14  118  I/O           
(unused)                      0     FB9_15  119  I/O           
(unused)                      0     FB9_16       (b)           
*********************************** FB10 ***********************************
This function block is part of I/O Bank number:               2
Number of function block inputs used/remaining:               0/40
Number of function block control terms used/remaining:        0/4
Number of PLA product terms used/remaining:                   0/56
Signal                        Total Loc     Pin  Pin     Pin   CTC CTR CTS CTE
Name                          Pt            No.  Type    Use   
(unused)                      0     FB10_1  111  I/O           
(unused)                      0     FB10_2  110  I/O           
(unused)                      0     FB10_3  107  I/O           
(unused)                      0     FB10_4  106  I/O           
(unused)                      0     FB10_5  105  I/O           
(unused)                      0     FB10_6  104  I/O           
(unused)                      0     FB10_7       (b)           
(unused)                      0     FB10_8       (b)           
(unused)                      0     FB10_9       (b)           
(unused)                      0     FB10_10      (b)           
(unused)                      0     FB10_11      (b)           
(unused)                      0     FB10_12 103  I/O           
(unused)                      0     FB10_13      (b)           
(unused)                      0     FB10_14 102  I/O           
(unused)                      0     FB10_15      (b)           
(unused)                      0     FB10_16 101  I/O           
*********************************** FB11 ***********************************
This function block is part of I/O Bank number:               2
Number of function block inputs used/remaining:               3/37
Number of function block control terms used/remaining:        1/3
Number of PLA product terms used/remaining:                   5/51
Signal                        Total Loc     Pin  Pin     Pin   CTC CTR CTS CTE
Name                          Pt            No.  Type    Use   
(unused)                      0     FB11_1       (b)           
(unused)                      0     FB11_2       (b)           
(unused)                      0     FB11_3       (b)           
(unused)                      0     FB11_4       (b)           
(unused)                      0     FB11_5  120  I/O           
(unused)                      0     FB11_6  121  I/O           
(unused)                      0     FB11_7       (b)           
(unused)                      0     FB11_8       (b)           
(unused)                      0     FB11_9       (b)           
(unused)                      0     FB11_10      (b)           
(unused)                      0     FB11_11 124  I/O           
(unused)                      0     FB11_12 125  I/O           
topselDisp3_o                 2     FB11_13 126  I/O     O      +          
topselDisp2_o                 2     FB11_14 128  I/O     O      +          
topselDisp1_o                 2     FB11_15 129  I/O     O      +          
topselDisp0_o                 2     FB11_16 130  I/O     O      +          

Signals Used by Logic in Function Block
  1: uut2/display_selection<0>   2: uut2/display_selection<1>   3: uut2/s_clock_word<15> 

Signal                     1         2         3         4 FB      
Name             0----+----0----+----0----+----0----+----0 Inputs  
topselDisp3_o     XXX..................................... 3       
topselDisp2_o     XXX..................................... 3       
topselDisp1_o     XXX..................................... 3       
topselDisp0_o     XXX..................................... 3       
                 0----+----1----+----2----+----3----+----4
                           0         0         0         0
*********************************** FB12 ***********************************
This function block is part of I/O Bank number:               2
Number of function block inputs used/remaining:               0/40
Number of function block control terms used/remaining:        0/4
Number of PLA product terms used/remaining:                   0/56
Signal                        Total Loc     Pin  Pin     Pin   CTC CTR CTS CTE
Name                          Pt            No.  Type    Use   
(unused)                      0     FB12_1       (b)           
(unused)                      0     FB12_2  100  I/O           
(unused)                      0     FB12_3       (b)           
(unused)                      0     FB12_4       (b)           
(unused)                      0     FB12_5       (b)           
(unused)                      0     FB12_6       (b)           
(unused)                      0     FB12_7       (b)           
(unused)                      0     FB12_8       (b)           
(unused)                      0     FB12_9       (b)           
(unused)                      0     FB12_10      (b)           
(unused)                      0     FB12_11 98   I/O           
(unused)                      0     FB12_12 97   I/O           
(unused)                      0     FB12_13 96   I/O           
(unused)                      0     FB12_14 95   I/O           
(unused)                      0     FB12_15 94   I/O           
(unused)                      0     FB12_16      (b)           
*********************************** FB13 ***********************************
This function block is part of I/O Bank number:               1
Number of function block inputs used/remaining:               0/40
Number of function block control terms used/remaining:        0/4
Number of PLA product terms used/remaining:                   0/56
Signal                        Total Loc     Pin  Pin     Pin   CTC CTR CTS CTE
Name                          Pt            No.  Type    Use   
(unused)                      0     FB13_1  75   I/O           
(unused)                      0     FB13_2  76   I/O           
(unused)                      0     FB13_3  77   I/O           
(unused)                      0     FB13_4       (b)           
(unused)                      0     FB13_5  78   I/O           
(unused)                      0     FB13_6  79   I/O           
(unused)                      0     FB13_7       (b)           
(unused)                      0     FB13_8       (b)           
(unused)                      0     FB13_9       (b)           
(unused)                      0     FB13_10      (b)           
(unused)                      0     FB13_11      (b)           
(unused)                      0     FB13_12 80   I/O           
(unused)                      0     FB13_13 81   I/O           
(unused)                      0     FB13_14 82   I/O           
(unused)                      0     FB13_15      (b)           
(unused)                      0     FB13_16      (b)           
*********************************** FB14 ***********************************
This function block is part of I/O Bank number:               1
Number of function block inputs used/remaining:               0/40
Number of function block control terms used/remaining:        0/4
Number of PLA product terms used/remaining:                   0/56
Signal                        Total Loc     Pin  Pin     Pin   CTC CTR CTS CTE
Name                          Pt            No.  Type    Use   
(unused)                      0     FB14_1  74   I/O           
(unused)                      0     FB14_2  71   I/O           
(unused)                      0     FB14_3  70   I/O           
(unused)                      0     FB14_4  69   I/O           
(unused)                      0     FB14_5       (b)           
(unused)                      0     FB14_6  68   I/O           
(unused)                      0     FB14_7       (b)           
(unused)                      0     FB14_8       (b)           
(unused)                      0     FB14_9       (b)           
(unused)                      0     FB14_10      (b)           
(unused)                      0     FB14_11      (b)           
(unused)                      0     FB14_12      (b)           
(unused)                      0     FB14_13 66   I/O           
(unused)                      0     FB14_14 64   I/O           
(unused)                      0     FB14_15      (b)           
topsegG_o                     0     FB14_16 61   I/O     O                 

Signals Used by Logic in Function Block

Signal                     1         2         3         4 FB      
Name             0----+----0----+----0----+----0----+----0 Inputs  
topsegG_o         ........................................ 0       
                 0----+----1----+----2----+----3----+----4
                           0         0         0         0
*********************************** FB15 ***********************************
This function block is part of I/O Bank number:               1
Number of function block inputs used/remaining:               0/40
Number of function block control terms used/remaining:        0/4
Number of PLA product terms used/remaining:                   0/56
Signal                        Total Loc     Pin  Pin     Pin   CTC CTR CTS CTE
Name                          Pt            No.  Type    Use   
(unused)                      0     FB15_1       (b)           
(unused)                      0     FB15_2  83   I/O           
(unused)                      0     FB15_3       (b)           
(unused)                      0     FB15_4       (b)           
(unused)                      0     FB15_5       (b)           
(unused)                      0     FB15_6       (b)           
(unused)                      0     FB15_7       (b)           
(unused)                      0     FB15_8       (b)           
(unused)                      0     FB15_9       (b)           
(unused)                      0     FB15_10      (b)           
(unused)                      0     FB15_11 85   I/O           
(unused)                      0     FB15_12 86   I/O           
(unused)                      0     FB15_13 87   I/O           
(unused)                      0     FB15_14 88   I/O           
(unused)                      0     FB15_15 91   I/O           
(unused)                      0     FB15_16 92   I/O           
*********************************** FB16 ***********************************
This function block is part of I/O Bank number:               1
Number of function block inputs used/remaining:               0/40
Number of function block control terms used/remaining:        0/4
Number of PLA product terms used/remaining:                   0/56
Signal                        Total Loc     Pin  Pin     Pin   CTC CTR CTS CTE
Name                          Pt            No.  Type    Use   
(unused)                      0     FB16_1       (b)           
(unused)                      0     FB16_2       (b)           
(unused)                      0     FB16_3       (b)           
(unused)                      0     FB16_4       (b)           
topsegC_o                     0     FB16_5  60   I/O     O                 
(unused)                      0     FB16_6  59   I/O           
(unused)                      0     FB16_7       (b)           
(unused)                      0     FB16_8       (b)           
(unused)                      0     FB16_9       (b)           
(unused)                      0     FB16_10      (b)           
topsegD_o                     0     FB16_11 58   I/O     O                 
topsegE_o                     0     FB16_12 57   I/O     O                 
topsegA_o                     0     FB16_13 56   I/O     O                 
(unused)                      0     FB16_14      (b)           
topsegF_o                     0     FB16_15 54   I/O     O                 
topsegB_o                     0     FB16_16 53   I/O     O                 

Signals Used by Logic in Function Block

Signal                     1         2         3         4 FB      
Name             0----+----0----+----0----+----0----+----0 Inputs  
topsegC_o         ........................................ 0       
topsegD_o         ........................................ 0       
topsegE_o         ........................................ 0       
topsegA_o         ........................................ 0       
topsegF_o         ........................................ 0       
topsegB_o         ........................................ 0       
                 0----+----1----+----2----+----3----+----4
                           0         0         0         0
*******************************  Equations  ********************************

********** Mapped Logic **********


topsegA_o <= '0';


topsegB_o <= '0';


topsegC_o <= '0';


topsegD_o <= '0';


topsegE_o <= '0';


topsegF_o <= '0';


topsegG_o <= NOT ('0');

FDCPE_topselDisp0_o: FDCPE port map (topselDisp0_o,topselDisp0_o_D,uut2/s_clock_word(15),'0','0','1');
topselDisp0_o_D <= NOT ((NOT uut2/display_selection(0) AND 
	NOT uut2/display_selection(1)));

FDCPE_topselDisp1_o: FDCPE port map (topselDisp1_o,topselDisp1_o_D,uut2/s_clock_word(15),'0','0','1');
topselDisp1_o_D <= NOT ((uut2/display_selection(0) AND 
	NOT uut2/display_selection(1)));

FDCPE_topselDisp2_o: FDCPE port map (topselDisp2_o,topselDisp2_o_D,uut2/s_clock_word(15),'0','0','1');
topselDisp2_o_D <= NOT ((NOT uut2/display_selection(0) AND 
	uut2/display_selection(1)));

FDCPE_topselDisp3_o: FDCPE port map (topselDisp3_o,topselDisp3_o_D,uut2/s_clock_word(15),'0','0','1');
topselDisp3_o_D <= NOT ((uut2/display_selection(0) AND 
	uut2/display_selection(1)));


trig_pin_o <= '0';

FTCPE_uut2/display_selection0: FTCPE port map (uut2/display_selection(0),'0',uut2/s_clock_word(15),'0','0','1');

FTCPE_uut2/display_selection1: FTCPE port map (uut2/display_selection(1),uut2/display_selection(0),uut2/s_clock_word(15),'0','0','1');

FTDCPE_uut2/s_clock_word15: FTDCPE port map (uut2/s_clock_word(15),uut2/s_clock_word_T(15),clk_i,'0','0','1');
uut2/s_clock_word_T(15) <= (uut2/uut1/count(0) AND uut2/uut1/count(10) AND 
	uut2/uut1/count(1) AND uut2/uut1/count(2) AND uut2/uut1/count(3) AND 
	uut2/uut1/count(4) AND uut2/uut1/count(5) AND uut2/uut1/count(6) AND 
	uut2/uut1/count(7) AND uut2/uut1/count(8) AND uut2/uut1/count(9) AND 
	uut2/uut1/count(11) AND uut2/uut1/count(12) AND uut2/uut1/count(13) AND 
	uut2/uut1/count(14));

FTDCPE_uut2/uut1/count0: FTDCPE port map (uut2/uut1/count(0),'0',clk_i,'0','0','1');

FTDCPE_uut2/uut1/count1: FTDCPE port map (uut2/uut1/count(1),uut2/uut1/count(0),clk_i,'0','0','1');

FTDCPE_uut2/uut1/count2: FTDCPE port map (uut2/uut1/count(2),uut2/uut1/count_T(2),clk_i,'0','0','1');
uut2/uut1/count_T(2) <= (uut2/uut1/count(0) AND uut2/uut1/count(1));

FTDCPE_uut2/uut1/count3: FTDCPE port map (uut2/uut1/count(3),uut2/uut1/count_T(3),clk_i,'0','0','1');
uut2/uut1/count_T(3) <= (uut2/uut1/count(0) AND uut2/uut1/count(1) AND 
	uut2/uut1/count(2));

FTDCPE_uut2/uut1/count4: FTDCPE port map (uut2/uut1/count(4),uut2/uut1/count_T(4),clk_i,'0','0','1');
uut2/uut1/count_T(4) <= (uut2/uut1/count(0) AND uut2/uut1/count(1) AND 
	uut2/uut1/count(2) AND uut2/uut1/count(3));

FTDCPE_uut2/uut1/count5: FTDCPE port map (uut2/uut1/count(5),uut2/uut1/count_T(5),clk_i,'0','0','1');
uut2/uut1/count_T(5) <= (uut2/uut1/count(0) AND uut2/uut1/count(1) AND 
	uut2/uut1/count(2) AND uut2/uut1/count(3) AND uut2/uut1/count(4));

FTDCPE_uut2/uut1/count6: FTDCPE port map (uut2/uut1/count(6),uut2/uut1/count_T(6),clk_i,'0','0','1');
uut2/uut1/count_T(6) <= (uut2/uut1/count(0) AND uut2/uut1/count(1) AND 
	uut2/uut1/count(2) AND uut2/uut1/count(3) AND uut2/uut1/count(4) AND 
	uut2/uut1/count(5));

FTDCPE_uut2/uut1/count7: FTDCPE port map (uut2/uut1/count(7),uut2/uut1/count_T(7),clk_i,'0','0','1');
uut2/uut1/count_T(7) <= (uut2/uut1/count(0) AND uut2/uut1/count(1) AND 
	uut2/uut1/count(2) AND uut2/uut1/count(3) AND uut2/uut1/count(4) AND 
	uut2/uut1/count(5) AND uut2/uut1/count(6));

FTDCPE_uut2/uut1/count8: FTDCPE port map (uut2/uut1/count(8),uut2/uut1/count_T(8),clk_i,'0','0','1');
uut2/uut1/count_T(8) <= (uut2/uut1/count(0) AND uut2/uut1/count(1) AND 
	uut2/uut1/count(2) AND uut2/uut1/count(3) AND uut2/uut1/count(4) AND 
	uut2/uut1/count(5) AND uut2/uut1/count(6) AND uut2/uut1/count(7));

FTDCPE_uut2/uut1/count9: FTDCPE port map (uut2/uut1/count(9),uut2/uut1/count_T(9),clk_i,'0','0','1');
uut2/uut1/count_T(9) <= (uut2/uut1/count(0) AND uut2/uut1/count(1) AND 
	uut2/uut1/count(2) AND uut2/uut1/count(3) AND uut2/uut1/count(4) AND 
	uut2/uut1/count(5) AND uut2/uut1/count(6) AND uut2/uut1/count(7) AND 
	uut2/uut1/count(8));

FTDCPE_uut2/uut1/count10: FTDCPE port map (uut2/uut1/count(10),uut2/uut1/count_T(10),clk_i,'0','0','1');
uut2/uut1/count_T(10) <= (uut2/uut1/count(0) AND uut2/uut1/count(1) AND 
	uut2/uut1/count(2) AND uut2/uut1/count(3) AND uut2/uut1/count(4) AND 
	uut2/uut1/count(5) AND uut2/uut1/count(6) AND uut2/uut1/count(7) AND 
	uut2/uut1/count(8) AND uut2/uut1/count(9));

FTDCPE_uut2/uut1/count11: FTDCPE port map (uut2/uut1/count(11),uut2/uut1/count_T(11),clk_i,'0','0','1');
uut2/uut1/count_T(11) <= (uut2/uut1/count(0) AND uut2/uut1/count(10) AND 
	uut2/uut1/count(1) AND uut2/uut1/count(2) AND uut2/uut1/count(3) AND 
	uut2/uut1/count(4) AND uut2/uut1/count(5) AND uut2/uut1/count(6) AND 
	uut2/uut1/count(7) AND uut2/uut1/count(8) AND uut2/uut1/count(9));

FTDCPE_uut2/uut1/count12: FTDCPE port map (uut2/uut1/count(12),uut2/uut1/count_T(12),clk_i,'0','0','1');
uut2/uut1/count_T(12) <= (uut2/uut1/count(0) AND uut2/uut1/count(10) AND 
	uut2/uut1/count(1) AND uut2/uut1/count(2) AND uut2/uut1/count(3) AND 
	uut2/uut1/count(4) AND uut2/uut1/count(5) AND uut2/uut1/count(6) AND 
	uut2/uut1/count(7) AND uut2/uut1/count(8) AND uut2/uut1/count(9) AND 
	uut2/uut1/count(11));

FTDCPE_uut2/uut1/count13: FTDCPE port map (uut2/uut1/count(13),uut2/uut1/count_T(13),clk_i,'0','0','1');
uut2/uut1/count_T(13) <= (uut2/uut1/count(0) AND uut2/uut1/count(10) AND 
	uut2/uut1/count(1) AND uut2/uut1/count(2) AND uut2/uut1/count(3) AND 
	uut2/uut1/count(4) AND uut2/uut1/count(5) AND uut2/uut1/count(6) AND 
	uut2/uut1/count(7) AND uut2/uut1/count(8) AND uut2/uut1/count(9) AND 
	uut2/uut1/count(11) AND uut2/uut1/count(12));

FTDCPE_uut2/uut1/count14: FTDCPE port map (uut2/uut1/count(14),uut2/uut1/count_T(14),clk_i,'0','0','1');
uut2/uut1/count_T(14) <= (uut2/uut1/count(0) AND uut2/uut1/count(10) AND 
	uut2/uut1/count(1) AND uut2/uut1/count(2) AND uut2/uut1/count(3) AND 
	uut2/uut1/count(4) AND uut2/uut1/count(5) AND uut2/uut1/count(6) AND 
	uut2/uut1/count(7) AND uut2/uut1/count(8) AND uut2/uut1/count(9) AND 
	uut2/uut1/count(11) AND uut2/uut1/count(12) AND uut2/uut1/count(13));


Register Legend:
 FDCPE (Q,D,C,CLR,PRE,CE); 
 FDDCPE (Q,D,C,CLR,PRE,CE); 
 FTCPE (Q,D,C,CLR,PRE,CE); 
 FTDCPE (Q,D,C,CLR,PRE,CE); 
 LDCP  (Q,D,G,CLR,PRE); 

******************************  Device Pin Out *****************************

Device : XC2C256-6-TQ144


Pin Signal                         Pin Signal                        
No. Name                           No. Name                          
  1 VCC                              73 VCCIO-3.3                     
  2 KPR                              74 KPR                           
  3 KPR                              75 KPR                           
  4 KPR                              76 KPR                           
  5 KPR                              77 KPR                           
  6 trig_pin_o                       78 KPR                           
  7 KPR                              79 KPR                           
  8 VCCAUX                           80 KPR                           
  9 KPR                              81 KPR                           
 10 KPR                              82 KPR                           
 11 KPR                              83 KPR                           
 12 KPR                              84 VCC                           
 13 KPR                              85 KPR                           
 14 KPR                              86 KPR                           
 15 KPR                              87 KPR                           
 16 KPR                              88 KPR                           
 17 KPR                              89 GND                           
 18 KPR                              90 GND                           
 19 KPR                              91 KPR                           
 20 KPR                              92 KPR                           
 21 KPR                              93 VCCIO-3.3                     
 22 KPR                              94 KPR                           
 23 KPR                              95 KPR                           
 24 KPR                              96 KPR                           
 25 KPR                              97 KPR                           
 26 KPR                              98 KPR                           
 27 VCCIO-3.3                        99 GND                           
 28 KPR                             100 KPR                           
 29 GND                             101 KPR                           
 30 KPR                             102 KPR                           
 31 KPR                             103 KPR                           
 32 KPR                             104 KPR                           
 33 KPR                             105 KPR                           
 34 KPR                             106 KPR                           
 35 PROHIBITED                      107 KPR                           
 36 GND                             108 GND                           
 37 VCC                             109 VCCIO-3.3                     
 38 clk_i                           110 KPR                           
 39 KPR                             111 KPR                           
 40 KPR                             112 KPR                           
 41 KPR                             113 KPR                           
 42 KPR                             114 KPR                           
 43 KPR                             115 KPR                           
 44 KPR                             116 KPR                           
 45 KPR                             117 KPR                           
 46 KPR                             118 KPR                           
 47 GND                             119 KPR                           
 48 KPR                             120 KPR                           
 49 KPR                             121 KPR                           
 50 KPR                             122 TDO                           
 51 KPR                             123 GND                           
 52 KPR                             124 KPR                           
 53 topsegB_o                       125 KPR                           
 54 topsegF_o                       126 topselDisp3_o                 
 55 VCCIO-3.3                       127 VCCIO-3.3                     
 56 topsegA_o                       128 topselDisp2_o                 
 57 topsegE_o                       129 topselDisp1_o                 
 58 topsegD_o                       130 topselDisp0_o                 
 59 KPR                             131 KPR                           
 60 topsegC_o                       132 KPR                           
 61 topsegG_o                       133 KPR                           
 62 GND                             134 KPR                           
 63 TDI                             135 KPR                           
 64 KPR                             136 KPR                           
 65 TMS                             137 KPR                           
 66 KPR                             138 KPR                           
 67 TCK                             139 KPR                           
 68 KPR                             140 KPR                           
 69 KPR                             141 VCCIO-3.3                     
 70 KPR                             142 KPR                           
 71 KPR                             143 KPR                           
 72 GND                             144 GND                           


Legend :  NC  = Not Connected, unbonded pin
        PGND  = Unused I/O configured as additional Ground pin
         KPR  = Unused I/O with weak keeper (leave unconnected)
         WPU  = Unused I/O with weak pull up (leave unconnected)
         TIE  = Unused I/O floating -- must tie to VCC, GND or other signal
         VCC  = Dedicated Power Pin
      VCCAUX  = Power supply for JTAG pins
   VCCIO-3.3  = I/O supply voltage for LVTTL, LVCMOS33, SSTL3_I
   VCCIO-2.5  = I/O supply voltage for LVCMOS25, SSTL2_I
   VCCIO-1.8  = I/O supply voltage for LVCMOS18
   VCCIO-1.5  = I/O supply voltage for LVCMOS15, HSTL_I
        VREF  = Reference voltage for indicated input standard
       *VREF  = Reference voltage pin selected by software
         GND  = Dedicated Ground Pin
         TDI  = Test Data In, JTAG pin
         TDO  = Test Data Out, JTAG pin
         TCK  = Test Clock, JTAG pin
         TMS  = Test Mode Select, JTAG pin
  PROHIBITED  = User reserved pin
****************************  Compiler Options  ****************************

Following is a list of all global compiler options used by the fitter run.

Device(s) Specified                         : xc2c256-6-TQ144
Optimization Method                         : DENSITY
Multi-Level Logic Optimization              : ON
Ignore Timing Specifications                : OFF
Default Register Power Up Value             : LOW
Keep User Location Constraints              : ON
What-You-See-Is-What-You-Get                : OFF
Exhaustive Fitting                          : OFF
Keep Unused Inputs                          : OFF
Slew Rate                                   : FAST
Set Unused I/O Pin Termination              : KEEPER
Global Clock Optimization                   : ON
Global Set/Reset Optimization               : ON
Global Ouput Enable Optimization            : ON
Enable Input Registers                      : ON
Function Block Fan-in Limit                 : 38
Use DATA_GATE Attribute                     : ON
Set Tristate Outputs to Termination Mode    : KEEPER
Default Voltage Standard for All Outputs    : LVCMOS18
Input Limit                                 : 32
Pterm Limit                                 : 28
