AR unit_converter behavioral /home/ise/Desktop/HCSRO4_xrehbe00_xpaule03/unit_converter.vhd sub00/vhpl07 1588262238
EN binary_cnt NULL /home/ise/Desktop/HCSRO4_xrehbe00_xpaule03/binary_cnt.vhd sub00/vhpl00 1588262231
EN hex_to_7seg NULL /home/ise/Desktop/HCSRO4_xrehbe00_xpaule03/hex_to_7seg.vhd sub00/vhpl08 1588262239
AR hcsr04 behavioral /home/ise/Desktop/HCSRO4_xrehbe00_xpaule03/hcsr04.vhd sub00/vhpl15 1588262246
EN hcsr04 NULL /home/ise/Desktop/HCSRO4_xrehbe00_xpaule03/hcsr04.vhd sub00/vhpl14 1588262245
EN trigger_gen NULL /home/ise/Desktop/HCSRO4_xrehbe00_xpaule03/trigger_gen.vhd sub00/vhpl02 1588262233
EN driver_7seg NULL /home/ise/Desktop/HCSRO4_xrehbe00_xpaule03/driver_7seg.vhd sub00/vhpl12 1588262243
AR binary_cnt behavioral /home/ise/Desktop/HCSRO4_xrehbe00_xpaule03/binary_cnt.vhd sub00/vhpl01 1588262232
EN top NULL /home/ise/Desktop/HCSRO4_xrehbe00_xpaule03/top.vhd sub00/vhpl16 1588262247
AR distance behavioral /home/ise/Desktop/HCSRO4_xrehbe00_xpaule03/distance.vhd sub00/vhpl05 1588262236
AR trigger_gen behavioral /home/ise/Desktop/HCSRO4_xrehbe00_xpaule03/trigger_gen.vhd sub00/vhpl03 1588262234
EN unit_converter NULL /home/ise/Desktop/HCSRO4_xrehbe00_xpaule03/unit_converter.vhd sub00/vhpl06 1588262237
AR driver_7seg behavioral /home/ise/Desktop/HCSRO4_xrehbe00_xpaule03/driver_7seg.vhd sub00/vhpl13 1588262244
AR clock_enable behavioral /home/ise/Desktop/HCSRO4_xrehbe00_xpaule03/clock_enable.vhd sub00/vhpl11 1588262242
AR hex_to_7seg behavioral /home/ise/Desktop/HCSRO4_xrehbe00_xpaule03/hex_to_7seg.vhd sub00/vhpl09 1588262240
EN distance NULL /home/ise/Desktop/HCSRO4_xrehbe00_xpaule03/distance.vhd sub00/vhpl04 1588262235
EN clock_enable NULL /home/ise/Desktop/HCSRO4_xrehbe00_xpaule03/clock_enable.vhd sub00/vhpl10 1588262241
AR top behavioral /home/ise/Desktop/HCSRO4_xrehbe00_xpaule03/top.vhd sub00/vhpl17 1588262248
