V3 35
FL /home/ise/Desktop/HCSRO4_xrehbe00_xpaule03/binary_cnt.vhd 2020/04/30.15:23:46 P.20131013
EN work/binary_cnt 1588262231 \
      FL /home/ise/Desktop/HCSRO4_xrehbe00_xpaule03/binary_cnt.vhd \
      PB ieee/std_logic_1164 1381692176 PB ieee/STD_LOGIC_UNSIGNED 1381692179
AR work/binary_cnt/Behavioral 1588262232 \
      FL /home/ise/Desktop/HCSRO4_xrehbe00_xpaule03/binary_cnt.vhd \
      EN work/binary_cnt 1588262231
FL /home/ise/Desktop/HCSRO4_xrehbe00_xpaule03/clock_enable.vhd 2020/04/30.15:23:15 P.20131013
EN work/clock_enable 1588262241 \
      FL /home/ise/Desktop/HCSRO4_xrehbe00_xpaule03/clock_enable.vhd \
      PB ieee/std_logic_1164 1381692176 PB ieee/std_logic_arith 1381692177 \
      PB ieee/STD_LOGIC_UNSIGNED 1381692179
AR work/clock_enable/Behavioral 1588262242 \
      FL /home/ise/Desktop/HCSRO4_xrehbe00_xpaule03/clock_enable.vhd \
      EN work/clock_enable 1588262241
FL /home/ise/Desktop/HCSRO4_xrehbe00_xpaule03/distance.vhd 2020/04/30.15:24:00 P.20131013
EN work/distance 1588262235 \
      FL /home/ise/Desktop/HCSRO4_xrehbe00_xpaule03/distance.vhd \
      PB ieee/std_logic_1164 1381692176 PB ieee/STD_LOGIC_UNSIGNED 1381692179 \
      PB ieee/NUMERIC_STD 1381692181
AR work/distance/Behavioral 1588262236 \
      FL /home/ise/Desktop/HCSRO4_xrehbe00_xpaule03/distance.vhd EN work/distance 1588262235 \
      CP binary_cnt
FL /home/ise/Desktop/HCSRO4_xrehbe00_xpaule03/driver_7seg.vhd 2020/04/30.15:22:40 P.20131013
EN work/driver_7seg 1588262243 \
      FL /home/ise/Desktop/HCSRO4_xrehbe00_xpaule03/driver_7seg.vhd \
      PB ieee/std_logic_1164 1381692176 PB ieee/std_logic_arith 1381692177 \
      PB ieee/STD_LOGIC_UNSIGNED 1381692179
AR work/driver_7seg/Behavioral 1588262244 \
      FL /home/ise/Desktop/HCSRO4_xrehbe00_xpaule03/driver_7seg.vhd \
      EN work/driver_7seg 1588262243 CP hex_to_7seg CP clock_enable
FL /home/ise/Desktop/HCSRO4_xrehbe00_xpaule03/hcsr04.vhd 2020/04/30.15:25:56 P.20131013
EN work/hcsr04 1588262245 \
      FL /home/ise/Desktop/HCSRO4_xrehbe00_xpaule03/hcsr04.vhd \
      PB ieee/std_logic_1164 1381692176 PB ieee/STD_LOGIC_UNSIGNED 1381692179 \
      PB ieee/NUMERIC_STD 1381692181
AR work/hcsr04/Behavioral 1588262246 \
      FL /home/ise/Desktop/HCSRO4_xrehbe00_xpaule03/hcsr04.vhd EN work/hcsr04 1588262245 \
      CP trigger_gen CP distance CP unit_converter
FL /home/ise/Desktop/HCSRO4_xrehbe00_xpaule03/hex_to_7seg.vhd 2020/04/30.15:22:59 P.20131013
EN work/hex_to_7seg 1588262239 \
      FL /home/ise/Desktop/HCSRO4_xrehbe00_xpaule03/hex_to_7seg.vhd \
      PB ieee/std_logic_1164 1381692176
AR work/hex_to_7seg/Behavioral 1588262240 \
      FL /home/ise/Desktop/HCSRO4_xrehbe00_xpaule03/hex_to_7seg.vhd \
      EN work/hex_to_7seg 1588262239
FL /home/ise/Desktop/HCSRO4_xrehbe00_xpaule03/top.vhd 2020/04/30.15:22:28 P.20131013
EN work/top 1588262247 FL /home/ise/Desktop/HCSRO4_xrehbe00_xpaule03/top.vhd \
      PB ieee/std_logic_1164 1381692176 PB ieee/std_logic_arith 1381692177 \
      PB ieee/STD_LOGIC_UNSIGNED 1381692179
AR work/top/Behavioral 1588262248 \
      FL /home/ise/Desktop/HCSRO4_xrehbe00_xpaule03/top.vhd EN work/top 1588262247 \
      CP driver_7seg CP hcsr04
FL /home/ise/Desktop/HCSRO4_xrehbe00_xpaule03/trigger_gen.vhd 2020/04/30.15:23:34 P.20131013
EN work/trigger_gen 1588262233 \
      FL /home/ise/Desktop/HCSRO4_xrehbe00_xpaule03/trigger_gen.vhd \
      PB ieee/std_logic_1164 1381692176
AR work/trigger_gen/Behavioral 1588262234 \
      FL /home/ise/Desktop/HCSRO4_xrehbe00_xpaule03/trigger_gen.vhd \
      EN work/trigger_gen 1588262233 CP binary_cnt
FL /home/ise/Desktop/HCSRO4_xrehbe00_xpaule03/unit_converter.vhd 2020/04/30.15:24:19 P.20131013
EN work/unit_converter 1588262237 \
      FL /home/ise/Desktop/HCSRO4_xrehbe00_xpaule03/unit_converter.vhd \
      PB ieee/std_logic_1164 1381692176 PB ieee/STD_LOGIC_UNSIGNED 1381692179
AR work/unit_converter/Behavioral 1588262238 \
      FL /home/ise/Desktop/HCSRO4_xrehbe00_xpaule03/unit_converter.vhd \
      EN work/unit_converter 1588262237
